 Network agent-recovery-plan_default Creating 
 Network agent-recovery-plan_default Creating 
 Volume agent-recovery-plan_trajectories Creating 
 Volume agent-recovery-plan_trajectories Creating 
 Volume agent-recovery-plan_oracle_truth Creating 
 Volume agent-recovery-plan_oracle_truth Creating 
 Volume agent-recovery-plan_trajectories Created 
 Volume agent-recovery-plan_trajectories Created 
 Volume agent-recovery-plan_oracle_truth Created 
 Volume agent-recovery-plan_oracle_truth Created 
 Network agent-recovery-plan_default Created 
 Network agent-recovery-plan_default Created 
 Container agent-recovery-plan-diagnoser-1 Creating 
 Container agent-recovery-plan-recovery-policy-1 Creating 
 Container agent-recovery-plan-task-env-1 Creating 
 Container agent-recovery-plan-diagnoser-1 Created 
 Container agent-recovery-plan-task-env-1 Created 
 Container agent-recovery-plan-counterfactual-1 Creating 
 Container agent-recovery-plan-recovery-policy-1 Created 
 Container agent-recovery-plan-counterfactual-1 Created 
 Container agent-recovery-plan-recovery-policy-1 Starting 
 Container agent-recovery-plan-task-env-1 Starting 
 Container agent-recovery-plan-diagnoser-1 Starting 
 Container agent-recovery-plan-diagnoser-1 Started 
 Container agent-recovery-plan-task-env-1 Started 
 Container agent-recovery-plan-counterfactual-1 Starting 
 Container agent-recovery-plan-recovery-policy-1 Started 
 Container agent-recovery-plan-counterfactual-1 Started 
 Container agent-recovery-plan-agent-runner-run-eb9066634cb8 Creating 
 Container agent-recovery-plan-agent-runner-run-eb9066634cb8 Created 
